=== START C @100 (12,12) ===
Please first ``pip install -U qiskit`` to enable related functionality in translation module
{
  "system": "1212",
  "shots": 100,
  "variant": "C",
  "seed": 0,
  "E": -108.768605944705,
  "E_ref": -108.76868573746447,
  "err": 7.979275946468078e-05,
  "E_direct": -108.7684261429064,
  "E_PT2": -0.00017980179857643317,
  "dim": 341056,
  "wall_s": 1385.5,
  "peak_rss_kb": 835632,
  "n_tgt_rounds": [
    30,
    30,
    30,
    30,
    30,
    30,
    30,
    30,
    30,
    30
  ],
  "n_drawn_rounds": [
    30,
    30,
    60,
    60,
    60,
    60,
    60,
    90,
    90,
    120
  ],
  "n_drawn_total": 660,
  "per_round": [
    {
      "round": 1,
      "E": -67.70553919593762,
      "dim": 5184,
      "n_str": 72,
      "n_new_proxy": 72,
      "n_tgt": 30,
      "n_drawn": 30
    },
    {
      "round": 2,
      "E": -68.01491178659599,
      "dim": 18769,
      "n_str": 137,
      "n_new_proxy": 65,
      "n_tgt": 30,
      "n_drawn": 30
    },
    {
      "round": 3,
      "E": -68.21471901690774,
      "dim": 47089,
      "n_str": 217,
      "n_new_proxy": 80,
      "n_tgt": 30,
      "n_drawn": 60
    },
    {
      "round": 4,
      "E": -68.22618217849731,
      "dim": 81796,
      "n_str": 286,
      "n_new_proxy": 69,
      "n_tgt": 30,
      "n_drawn": 60
    },
    {
      "round": 5,
      "E": -68.22894731074099,
      "dim": 120409,
      "n_str": 347,
      "n_new_proxy": 61,
      "n_tgt": 30,
      "n_drawn": 60
    },
    {
      "round": 6,
      "E": -68.230455242292,
      "dim": 154449,
      "n_str": 393,
      "n_new_proxy": 46,
      "n_tgt": 30,
      "n_drawn": 60
    },
    {
      "round": 7,
      "E": -68.23190640308441,
      "dim": 192721,
      "n_str": 439,
      "n_new_proxy": 46,
      "n_tgt": 30,
      "n_drawn": 60
    },
    {
      "round": 8,
      "E": -68.23280573657175,
      "dim": 248004,
      "n_str": 498,
      "n_new_proxy": 59,
      "n_tgt": 30,
      "n_drawn": 90
    },
    {
      "round": 9,
      "E": -68.23342139640184,
      "dim": 294849,
      "n_str": 543,
      "n_new_proxy": 45,
      "n_tgt": 30,
      "n_drawn": 90
    },
    {
      "round": 10,
      "E": -68.23354039022871,
      "dim": 341056,
      "n_str": 584,
      "n_new_proxy": 41,
      "n_tgt": 30,
      "n_drawn": 120
    }
  ]
}
[bench] saved case 1212_s100_varC_seed0 -> /mnt/d/tc_sqd/benchmarks/_round002_c1_results.json
